0 verbose cli /Users/sangjaeseo/.nvm/versions/node/v20.20.1/bin/node /Users/sangjaeseo/.nvm/versions/node/v20.20.1/lib/node_modules/npm/bin/npm-cli.js
1 info using npm@10.8.2
2 info using node@v20.20.1
3 silly config load:file:/Users/sangjaeseo/.nvm/versions/node/v20.20.1/lib/node_modules/npm/npmrc
4 silly config load:file:/Users/sangjaeseo/BlueforgeProjects/알카노이드/.npmrc
5 silly config load:file:/Users/sangjaeseo/.npmrc
6 silly config load:file:/Users/sangjaeseo/.nvm/versions/node/v20.20.1/etc/npmrc
7 verbose title npm exec typescript-language-server --stdio
8 verbose argv "exec" "--" "typescript-language-server" "--stdio"
9 verbose logfile logs-max:10 dir:/Users/sangjaeseo/BlueforgeProjects/알카노이드/.npm-cache/_logs/2026-03-30T04_56_42_290Z-
10 verbose logfile /Users/sangjaeseo/BlueforgeProjects/알카노이드/.npm-cache/_logs/2026-03-30T04_56_42_290Z-debug-0.log
11 silly logfile done cleaning log files
12 silly packumentCache heap:4345298944 maxSize:1086324736 maxEntrySize:543162368
13 verbose shrinkwrap failed to load node_modules/.package-lock.json out of date, updated: node_modules
14 http fetch GET 200 https://registry.npmjs.org/typescript-language-server 98ms (cache revalidated)
15 silly packumentCache heap:4345298944 maxSize:1086324736 maxEntrySize:543162368
16 silly packumentCache heap:4345298944 maxSize:1086324736 maxEntrySize:543162368
17 verbose cwd /Users/sangjaeseo/BlueforgeProjects/알카노이드
18 verbose os Darwin 25.3.0
19 verbose node v20.20.1
20 verbose npm  v10.8.2
21 verbose exit 0
22 info ok
